// Jest Snapshot v1, https://goo.gl/fbAQLP

exports[`BaseInput.vue has the expected html structure 1`] = `
<div class="base-input">
  <!----> <label for="test" class="base-input__label"><input id="test" type="text" placeholder="placeholder" class="base-input__field"> </label>
  <!---->
  <!---->
</div>
`;
